// Jest Snapshot v1, https://goo.gl/fbAQLP

exports[`renders without crashing 1`] = `
<div
  className="branches"
>
  <div
    className="wrapper"
  >
    <div
      className="branches__tabs"
    >
      <Tabs
        activeKey="0"
        hideAdd={false}
        tabPosition="top"
      />
    </div>
  </div>
</div>
`;
