// Jest Snapshot v1, https://goo.gl/fbAQLP

exports[`renders without crashing 1`] = `
<Provider
  store={
    Object {
      "clearActions": [Function],
      "dispatch": [Function],
      "getActions": [Function],
      "getState": [Function],
      "replaceReducer": [Function],
      "subscribe": [Function],
    }
  }
>
  <MemoryRouter>
    <Router
      history={
        Object {
          "action": "POP",
          "block": [Function],
          "canGo": [Function],
          "createHref": [Function],
          "entries": Array [
            Object {
              "hash": "",
              "key": "el5z0u",
              "pathname": "/",
              "search": "",
              "state": undefined,
            },
          ],
          "go": [Function],
          "goBack": [Function],
          "goForward": [Function],
          "index": 0,
          "length": 1,
          "listen": [Function],
          "location": Object {
            "hash": "",
            "key": "el5z0u",
            "pathname": "/",
            "search": "",
            "state": undefined,
          },
          "push": [Function],
          "replace": [Function],
        }
      }
    >
      <BranchItem
        activeFirstStore={[Function]}
        branch={Object {}}
      >
        <div
          className="branch-item"
          onClick={[Function]}
        >
          <div
            className="branch-item__logo"
          >
            <img
              alt=""
            />
          </div>
          <div
            className="branch-item__info"
          >
            <span />
            <span />
          </div>
        </div>
      </BranchItem>
    </Router>
  </MemoryRouter>
</Provider>
`;
